// Jest Snapshot v1, https://goo.gl/fbAQLP

exports[`renders correctly 1`] = `
Array [
  <Text
    style={
      Array [
        Object {
          "fontSize": 20,
          "marginBottom": 10,
          "marginLeft": 10,
          "marginRight": 10,
          "marginTop": 10,
          "textAlign": "center",
        },
        undefined,
      ]
    }
  >
    Welcome to React Native!
  </Text>,
  <Text
    style={
      Array [
        Object {
          "color": "#333333",
          "marginBottom": 5,
          "textAlign": "center",
        },
        undefined,
      ]
    }
  >
    This is a React Native snapshot test.
  </Text>,
]
`;
